border_size=1
usage=map

Gll^Fp      , Gll^Fp      , Gll^Fp      , Gg          , Gs^Fp       , Gs^Fp       , Gs^Fp       , Gs^Fp       , Rp          , Gs^Fp       , Gg          , Gs^Fp       , Gs^Fp       , Gs^Fp       , Gg          , Gll^Fp      , Gll^Fp      , Gll^Fp      , Hh          , Md          , Wo          , Wo          , Hh          , Mm          
Gll^Fp      , Gll^Fp      , Ss          , Gs^Fp       , Gs^Fp       , Gs^Fp       , Gs^Fp       , Rp          , Gs^Fp       , Gs^Fp       , Gs^Fms      , Gs^Fms      , Gs^Fms      , Gs^Fp       , Gg          , Gg          , Gll^Fp      , Gll^Fp      , Md          , Mm          , Wo          , Mm          , Mm          , Mm          
Gll^Fp      , Gll^Fp      , Gs^Fp       , Gs^Fp       , Gs^Fds      , Gs^Fp       , Re          , Re          , Gg          , Gs^Fp       , Gs^Fp       , Gs^Fms      , Ds          , Ds          , Ds          , Ds          , Hh          , Hh          , Wo          , Wo          , Mm          , Mm          , Gs^Fp       , Xue         
Gll^Fp      , Gs^Fp       , Gs^Fp       , Gs^Fds      , Gg          , Gs^Fp       , Rb          , Gg          , Ss          , Gs^Fp       , Gs^Fp       , Gs^Fp       , Ds          , Wo          , Wo          , Wo          , Wwrg        , Wwrg        , Hh          , Gs^Fp       , Mm          , Ms          , Xue         , Xue         
Gll^Fp      , Gs          , Re          , Re          , 4 Re        , Re          , Ss          , Ss          , Ss          , Gs^Fp       , Gs^Fp       , Gs^Fp       , Ss          , Wo          , Ss          , Wo          , Hh          , Mm          , Gs^Fp       , Hh          , Mm          , Mm          , Xue         , Xue         
Gg          , Gg          , 1 Rp        , Gg^Fet      , Gg          , Gs^Fp       , Gs^Fms      , Gs^Fms      , Gs^Fms      , Gs^Fp       , Gs^Fp       , Gs^Fp       , Ss          , Ss          , Wwrg        , Wwrg        , Ds          , Hh          , Gs^Fp       , Gs^Fp       , Mm          , Xue         , Xue         , Xue         
Rr          , 3 Rp        , Gg          , Gg          , Gll^Fp      , Gg          , Gs^Fp       , Gs^Fp       , Gs^Fp       , Gg          , Gg          , Gs^Fp       , Ss          , Ss          , Wwrg        , Ss          , Gs^Fp       , Mm          , Mm          , Mm          , Xue         , Xue         , 5 Rr        , Xue         
Gg          , Rr          , Gs          , Gll^Fp      , Re          , Gg          , Rb          , Gs^Fds      , Rb          , Gg          , Rb          , Gs^Fp       , Wwf         , Ww          , Ss          , Gs^Vc       , Mm          , Mm          , Mm^Xm       , Xue         , Xue         , Xue         , Xue         , Xue         
Gll^Fp      , Gg          , Hh^Fp       , 2 Re        , Gll^Fp      , Rb          , Gg          , Gll         , Gg          , Gll         , Wwrg        , Wwrg        , Rb          , Gll         , Gll         , Ss          , Mm          , Mm          , Xue         , Xue         , Xue         , Xue         , Xue         , Xue         
Hh          , Hh          , Mm          , Hh^Fp       , Gll^Fp      , Ss          , Ss          , Gll^Fp      , Ww          , Wwg         , Wwg         , Wwrg        , Gs^Fp       , Ss          , Ss          , Gs          , Gd          , Hhd         , Hhd         , Hhd         , Uue         , Xue         , Xue         , Xue         
Hh          , Mm          , Ww          , Wwg         , Ww          , Ww          , Ww          , Ww          , Ss          , Ss          , Ww          , Gg          , Gs^Fp       , Gs^Fp       , Ss          , Ss          , Mm          , Rd          , Uue         , Uu          , Uu          , Xue         , Xue         , Xue         
Ww          , Ww          , Wwrg        , Ww          , Ss          , Ss          , Ss          , Gll         , Ss          , Ss^Vhs      , Ww          , Gs^Fp       , Gg          , Gs^Fp       , Mm          , Mm^Xm       , Xue         , Xue         , Uue         , Uu          , Uu          , Xue         , Xue         , Xue         
Hh          , Hh^Fp       , Hh^Fp       , Gs^Fp       , Gll^Fp      , Gg          , Gll         , Gg          , Ss          , Ww          , Ss          , Gs^Fp       , Xue         , Mm          , Xue         , Xue         , Xue         , Xue         , Xue         , Rb          , Uue         , Uu          , Xue         , Xue         
Hh          , Hh          , Hh          , Gs^Fp       , Gs^Fp       , Gs          , Gs          , Ss          , Ss          , Wwrg        , Ds          , Gs^Fp       , Xue         , Xue         , Xue         , Xue         , Xue         , Xue         , Xue         , Xue         , Rb          , Rb          , Uue         , Xue         
Xue         , Hh^Fp       , Hh^Fp       , Hh^Fp       , Hh^Fp       , Hh^Fp       , Hh          , Gg          , Wwf         , Wwf         , Hh          , Ss          , Xue         , Xue         , Xue         , Xue         , Xue         , Xue         , Xue         , Xue         , Rb          , Re          , Uue         , Xue         
Xue         , Xue         , Hh^Fp       , Gs^Fp       , Mm          , Mm          , Hh          , Ds          , Wwrg        , Hh          , Hh          , Xue         , Xue         , Xue         , Xue         , Xue         , Xue         , Xue         , Xue         , Uu          , Rb          , Re          , Uue         , Xue         
Xue         , Xue         , Hh^Fp       , Xue         , Ms^Xm       , Ms          , Xue         , Xue         , Xue         , Wwrg        , Ww          , Xue         , Xue         , Xue         , Xue         , Xue         , Xue         , Xue         , Rb          , Uu          , Uu          , Uue         , Xue         , Xue         
Xue         , Xue         , Re          , Gs^Fp       , Rb          , Ms^Xm       , Xue         , Xue         , Xue         , Wwf         , Wwrg        , Rb          , Uu          , Xue         , Xue         , Xue         , Xue         , Xue         , Rb          , Rb          , Rb          , Xue         , Xue         , Xue         
Xue         , Xue         , Xue         , Re          , Uue         , Xue         , Uue         , Xue         , Uue         , Xue         , Wwrg        , Rb          , Uu          , Xue         , Xue         , Xue         , Xue         , Xue         , Xue         , Re          , Re          , Re          , Xue         , Xue         
Xue         , Xue         , Xue         , Xue         , Xue         , Uue         , Xue         , Rb          , Rb          , Uue         , Wwf         , Uu          , Xue         , Xue         , Xue         , Xue         , Rb          , Xue         , Uue         , Re          , Re          , Xue         , Xue         , Xue         
Xue         , Xue         , Xue         , Xue         , Xue         , Xue         , Xue         , Rb          , Xue         , Xue         , Wwrg        , Wwg         , Xue         , Xue         , Xue         , Rb          , Rb          , Uue         , Uue         , Rb          , Xue         , Xue         , Xue         , Xue         
Xue         , Xue         , Xue         , Xue         , Xue         , Xue         , Xue         , Xue         , Xue         , Xue         , Wwrg        , Wwrg        , Wwrg        , Xue         , Uu          , Rb          , Rb          , Uue         , Uue         , Xue         , Xue         , Xue         , Xue         , Xue         
Xue         , Xue         , Xue         , Xue         , Xue         , Xue         , Xue         , Xue         , Xue         , Xue         , Wwf         , Wwrg        , Wwg         , Xue         , Rb          , Rb          , Rb          , Xue         , Xue         , Xue         , Xue         , Xue         , Xue         , Xue         
Xue         , Xue         , Xue         , Xue         , Xue         , Xue         , Xue         , Xue         , Wwf         , Wwrg        , Wog         , Wog         , Wog         , Rb          , Rb          , Rb          , Xue         , Xue         , Xue         , Xue         , Xue         , Xue         , Xue         , Xue         
Xue         , Xue         , Xue         , Xue         , Xue         , Xue         , Xue         , Xue         , Wwrg        , Sm          , Sm          , Wog         , Wog         , Wog         , Xue         , Xue         , Xue         , Xue         , Xue         , Xue         , Uue         , Xue         , Xue         , Xue         
Xue         , Xue         , Xue         , Xue         , Xue         , Xue         , Xue         , Xue         , Wwrg        , Sm          , Wwrg        , Wog         , Wog         , Xue         , Xue         , Xue         , Rb          , Uue         , Re          , Uue         , Uue         , Xue         , Xue         , Xue         
Xue         , Xue         , Xue         , Xue         , Xue         , Xue         , Rb          , Uu          , Uue         , Sm          , Sm          , Wwg         , Xue         , Xue         , Uue         , Re          , Re          , Rb          , Rb          , Rb          , Rb          , Re          , Xue         , Xue         
Xue         , Xue         , Xue         , Xue         , Xue         , Xue         , Rb          , Uu          , Sm          , Sm          , Xue         , Wwf         , Xue         , Xue         , Rb          , Rb          , Qxe         , Xue         , Qxu^Bw|     , Xue         , Qxe         , Re          , Xue         , Xue         
Xue         , Xue         , Xue         , Xue         , Xue         , Xue         , Xue         , Rb          , Sm          , Xue         , Sm          , Sm          , Rb          , Rb          , Rb          , Qxe         , Qxe         , Qxe         , Qxe^Bw|     , Qxe         , Qxe         , Qxe         , Xue         , Xue         
Xue         , Xue         , Xue         , Xue         , Xue         , Xue         , Xue         , Sm          , Sm          , Sm          , Uu          , Uu          , Rb          , Rb          , Qxe         , Qxe         , Qxe         , Qxe         , Uu^Bw|      , Qxe         , Qxe         , Qxe         , Qxe         , Xue         
Xue         , Xue         , Xue         , Xue         , Qxe         , Xue         , Qxe         , Sm          , Qxe         , Sm          , Sm          , Uue         , Uue         , Uue         , Qxe         , Qxe         , Qxe         , Qxe         , Qxe^Bw|r    , Qxe         , Qxe         , Qxe         , Qxe         , Xue         
Xue         , Xue         , Qxe         , Qxe         , Qxe         , Qxe         , Qxe         , Qxe         , Qxe         , Qxe         , Qxe         , Qxe         , Qxe         , Qxe         , Qxe         , Qxe         , Qxe         , Qxe         , Qxe^Bw|r    , Qxe         , Qxe         , Qxe         , Qxe         , Xue         
Qxe         , Qxe         , Qxe         , Qxe         , Qxe         , Qxe         , Qxe         , Qxe         , Qxe         , Qxe         , Qxe         , Qxe         , Qxe         , Qxe         , Qxe         , Qxe         , Qxu         , Xuc         , Urb         , Xuc         , Qxu         , Qxe         , Qxe         , Qxe         
Qxe         , Qxe         , Qxe         , Qxe         , Qxe         , Qxe         , Qxe         , Qxe         , Qxe         , Qxe         , Qxe         , Qxe         , Qxe         , Qxe         , Qxe         , Qxu         , Urb         , Urb         , Urb         , Urb         , Urb         , Qxu         , Qxe         , Qxe         
Qxe         , Qxe         , Qxe         , Qxe         , Qxe         , Qxe         , Qxe         , Qxe         , Qxe         , Qxe         , Qxe         , Qxe         , Qxe         , Qxe         , Qxe         , Qxu         , Urb         , Urb         , Urb         , Urb         , Urb         , Qxu         , Qxe         , Qxe         
