border_size=1
usage=map

Iwr         , Iwr         , Iwr         , Iwr         , Iwr         , Iwr         , Iwr         , Iwr         , Iwr         , Iwr         , Iwr         , Iwr         , Iwr         , Iwr         , Iwr         , Iwr         , Iwr         , Iwr         , Iwr         , Iwr         , Urb         , Urb         , Urb         , Urb         
Iwr         , Iwr         , Iwr         , Iwr         , Iwr         , Iwr         , Iwr         , Iwr         , Iwr         , Iwr         , Iwr         , Iwr         , Iwr         , Iwr         , Iwr         , Iwr         , Iwr         , Iwr         , Iwr         , Iwr         , Urb         , Urb         , 5 Urb       , Urb         
Iwr         , Iwr         , Iwr         , Iwr         , Iwr         , Iwr         , Iwr         , Iwr         , Iwr         , Iwr         , Iwr         , Iwr         , Iwr         , Iwr         , Iwr         , Iwr         , Iwr         , Iwr         , Iwr         , Iwr         , Iwr         , Urb         , Urb         , Urb         
Iwr         , Iwr         , Iwr         , Iwr         , Iwr         , Iwr         , Iwr         , Iwr         , Iwr         , Iwr         , Iwr         , Iwr         , Iwr         , Iwr         , Iwr         , Iwr         , Iwr         , Iwr         , Iwr         , Iwr         , Urb         , Urb         , Urb         , Urb         
Iwr         , Iwr         , Iwr         , Iwr         , 4 Iwr       , Iwr         , Iwr         , Iwr         , Iwr         , Iwr         , Iwr         , Iwr         , Iwr         , Iwr         , Iwr         , Iwr         , Iwr         , Iwr         , Urb         , Urb         , Urb         , Urb         , Urb         , Urb         
Iwr         , Iwr         , 1 Iwr       , Iwr         , Iwr         , Iwr         , Iwr         , Iwr         , Iwr         , Iwr         , Iwr         , Iwr         , Iwr         , Iwr         , Iwr         , Iwr         , Iwr         , Iwr         , Urb         , Urb         , Urb         , Urb         , Urb         , Urb         
Iwr         , 3 Iwr       , Iwr         , Iwr         , Iwr         , Iwr         , Iwr         , Iwr         , Iwr         , Iwr         , Iwr         , Iwr         , Iwr         , Iwr         , Iwr         , Iwr         , Iwr         , Iwr         , Urb         , Urb         , Urb         , Urb         , Urb         , Urb         
Iwr         , Iwr         , Iwr         , Iwr         , Iwr         , Iwr         , Iwr         , Iwr         , Iwr         , Iwr         , Iwr         , Iwr         , Iwr         , Iwr         , Iwr         , Iwr         , Iwr         , Urb         , Urb         , Urb         , Urb         , Urb         , Urb         , Urb         
Iwr         , Iwr         , Iwr         , 2 Iwr       , Iwr         , Iwr         , Iwr         , Iwr         , Iwr         , Iwr         , Iwr         , Iwr         , Iwr         , Iwr         , Iwr         , Iwr         , Iwr         , Urb         , Urb         , Urb         , Urb         , Urb         , Urb         , Urb         
Iwr         , Iwr         , Iwr         , Iwr         , Iwr         , Iwr         , Iwr         , Iwr         , Iwr         , Iwr         , Iwr         , Iwr         , Iwr         , Iwr         , Iwr         , Iwr         , Iwr         , Urb         , Urb         , Urb         , Urb         , Urb         , Urb         , Urb         
Iwr         , Iwr         , Iwr         , Iwr         , Iwr         , Iwr         , Iwr         , Iwr         , Iwr         , Iwr         , Iwr         , Iwr         , Iwr         , Iwr         , Iwr         , Iwr         , Iwr         , Urb         , Urb         , Urb         , Urb         , Urb         , Urb         , Urb         
Iwr         , Iwr         , Iwr         , Iwr         , Iwr         , Iwr         , Iwr         , Iwr         , Iwr         , Iwr         , Iwr         , Iwr         , Iwr         , Iwr         , Iwr         , Iwr         , Iwr         , Urb         , Urb         , Urb         , Urb         , Urb         , Urb         , Urb         
Iwr         , Iwr         , Iwr         , Iwr         , Iwr         , Iwr         , Iwr         , Iwr         , Iwr         , Iwr         , Iwr         , Iwr         , Iwr         , Iwr         , Urb         , Iwr         , Urb         , Urb         , Urb         , Urb         , Urb         , Urb         , Urb         , Urb         
Urb         , Iwr         , Iwr         , Iwr         , Iwr         , Iwr         , Iwr         , Iwr         , Iwr         , Iwr         , Iwr         , Iwr         , Iwr         , Urb         , Urb         , Urb         , Urb         , Urb         , Urb         , Urb         , Urb         , Urb         , Urb         , Urb         
Urb         , Urb         , Iwr         , Iwr         , Iwr         , Iwr         , Iwr         , Iwr         , Iwr         , Iwr         , Iwr         , Iwr         , Iwr         , Urb         , Urb         , Urb         , Urb         , Urb         , Urb         , Urb         , Urb         , Urb         , Urb         , Urb         
Urb         , Urb         , Urb         , Iwr         , Urb         , Iwr         , Iwr         , Iwr         , Iwr         , Iwr         , Iwr         , Iwr         , Urb         , Urb         , Urb         , Urb         , Urb         , Urb         , Urb         , Urb         , Urb         , Urb         , Urb         , Urb         
Urb         , Urb         , Urb         , Urb         , Urb         , Urb         , Urb         , Iwr         , Urb         , Iwr         , Urb         , Urb         , Urb         , Urb         , Urb         , Urb         , Urb         , Urb         , Urb         , Urb         , Urb         , Urb         , Urb         , Urb         
Urb         , Urb         , Urb         , Urb         , Urb         , Urb         , Urb         , Urb         , Urb         , Urb         , Urb         , Urb         , Urb         , Urb         , Urb         , Urb         , Urb         , Urb         , Urb         , Urb         , Urb         , Urb         , Urb         , Urb         
Urb         , Urb         , Urb         , Urb         , Urb         , Urb         , Urb         , Urb         , Urb         , Urb         , Urb         , Urb         , Urb         , Urb         , Urb         , Urb         , Urb         , Urb         , Urb         , Urb         , Urb         , Urb         , Urb         , Urb         
Urb         , Urb         , Urb         , Urb         , Urb         , Urb         , Urb         , Urb         , Urb         , Urb         , Urb         , Urb         , Urb         , Urb         , Urb         , Urb         , Urb         , Urb         , Urb         , Urb         , Urb         , Urb         , Urb         , Urb         
Urb         , Urb         , Urb         , Urb         , Urb         , Urb         , Urb         , Urb         , Urb         , Urb         , Urb         , Urb         , Urb         , Urb         , Urb         , Urb         , Urb         , Urb         , Urb         , Urb         , Urb         , Urb         , Urb         , Urb         
Urb         , Urb         , Urb         , Urb         , Urb         , Urb         , Urb         , Urb         , Urb         , Urb         , Urb         , Urb         , Urb         , Urb         , Urb         , Urb         , Urb         , Urb         , Urb         , Urb         , Urb         , Urb         , Urb         , Urb         
Urb         , Urb         , Urb         , Urb         , Urb         , Urb         , Urb         , Urb         , Urb         , Urb         , Urb         , Urb         , Urb         , Urb         , Urb         , Urb         , Urb         , Urb         , Urb         , Urb         , Urb         , Urb         , Urb         , Urb         
Urb         , Urb         , Urb         , Urb         , Urb         , Urb         , Urb         , Urb         , Urb         , Urb         , Urb         , Urb         , Urb         , Urb         , Urb         , Urb         , Urb         , Urb         , Urb         , Urb         , Urb         , Urb         , Urb         , Urb         
Urb         , Urb         , Urb         , Urb         , Urb         , Urb         , Urb         , Urb         , Urb         , Urb         , Urb         , Urb         , Urb         , Urb         , Urb         , Urb         , Urb         , Urb         , Urb         , Urb         , Urb         , Urb         , Urb         , Urb         
Urb         , Urb         , Urb         , Urb         , Urb         , Urb         , Urb         , Urb         , Urb         , Urb         , Urb         , Urb         , Urb         , Urb         , Urb         , Urb         , Urb         , Urb         , Urb         , Urb         , Urb         , Urb         , Urb         , Urb         
Urb         , Urb         , Urb         , Urb         , Urb         , Urb         , Urb         , Urb         , Urb         , Urb         , Urb         , Urb         , Urb         , Urb         , Urb         , Urb         , Urb         , Urb         , Urb         , Urb         , Urb         , Urb         , Urb         , Urb         
Urb         , Urb         , Urb         , Urb         , Urb         , Urb         , Urb         , Urb         , Urb         , Urb         , Urb         , Urb         , Urb         , Urb         , Urb         , Urb         , Urb         , Urb         , Urb         , Urb         , Urb         , Urb         , Urb         , Urb         
Urb         , Urb         , Urb         , Urb         , Urb         , Urb         , Urb         , Urb         , Urb         , Urb         , Urb         , Urb         , Urb         , Urb         , Urb         , Urb         , Urb         , Urb         , Urb         , Urb         , Urb         , Urb         , Urb         , Urb         
Urb         , Urb         , Urb         , Urb         , Urb         , Urb         , Urb         , Urb         , Urb         , Urb         , Urb         , Urb         , Urb         , Urb         , Urb         , Urb         , Urb         , Urb         , Urb         , Urb         , Urb         , Urb         , Urb         , Urb         
Urb         , Urb         , Urb         , Urb         , Urb         , Urb         , Urb         , Urb         , Urb         , Urb         , Urb         , Urb         , Urb         , Urb         , Urb         , Urb         , Urb         , Urb         , Urb         , Urb         , Urb         , Urb         , Urb         , Urb         
Urb         , Urb         , Urb         , Urb         , Urb         , Urb         , Urb         , Urb         , Urb         , Urb         , Urb         , Urb         , Urb         , Urb         , Urb         , Urb         , Urb         , Urb         , Urb         , Urb         , Urb         , Urb         , Urb         , Urb         
Urb         , Urb         , Urb         , Urb         , Urb         , Urb         , Urb         , Urb         , Urb         , Urb         , Urb         , Urb         , Urb         , Urb         , Urb         , Urb         , Urb         , Urb         , Urb         , Urb         , Urb         , Urb         , Urb         , Urb         
Urb         , Urb         , Urb         , Urb         , Urb         , Urb         , Urb         , Urb         , Urb         , Urb         , Urb         , Urb         , Urb         , Urb         , Urb         , Urb         , Urb         , Urb         , Urb         , Urb         , Urb         , Urb         , Urb         , Urb         
Urb         , Urb         , Urb         , Urb         , Urb         , Urb         , Urb         , Urb         , Urb         , Urb         , Urb         , Urb         , Urb         , Urb         , Urb         , Urb         , Urb         , Urb         , Urb         , Urb         , Urb         , Urb         , Urb         , Urb         
