border_size=1
usage=map

Gll^Fp      , Gll^Fp      , Gll^Fp      , Gg          , Gs^Fp       , Gs^Fp       , Gs^Fp       , Gs^Fp       , Rp          , Gs^Fp       , Gg          , Gs^Fp       , Gs^Fp       , Gs^Fp       , Gg          , Gg          , Gg          , Gg          , Hh          , Md          , Wo          , Wo          , Hh          , Mm          
Gll^Fp      , Gll^Fp      , Ss          , Gs^Fp       , Gs^Fp       , Gs^Fp       , Gs^Fp       , Rp          , Gs^Fp       , Gs^Fp       , Gs^Fp       , Gs^Fp       , Gs^Fp       , Gs^Fp       , Gg          , Gg          , Hhd         , Gs^Fp       , Md          , Mm          , Wo          , Mm          , 5 Mm        , Mm          
Gll^Fp      , Gll^Fp      , Gs^Fp       , Gs^Fp       , Gs^Fds      , Gs^Fp       , Re          , Re          , Gg          , Gs^Fp       , Gs^Fp       , Gs^Fp       , Ds          , Ds          , Ds          , Ds          , Hh          , Hh          , Wo          , Wo          , Mm          , Mm          , Gs^Fp       , Xue         
Gll^Fp      , Gs^Fp       , Gs^Fp       , Gs^Fds      , Gg          , Gs^Fp       , Rb          , Gg          , Ss          , Gs^Fp       , Gs^Fp       , Gs^Fp       , Ds          , Wo          , Wo          , Wo          , Wwrg        , Wwrg        , Hh          , Gs^Fp       , Mm          , Ms          , Xue         , Xue         
Gll^Fp      , Gs          , Re          , Re          , 4 Re        , Re          , Ss          , Ss          , Ss          , Gs^Fp       , Gs^Fp       , Gs^Fp       , Ss          , Wo          , Ss          , Wo          , Hh          , Mm          , Gs^Fp       , Hh          , Mm          , Mm          , Xue         , _s          
Gg          , Gg          , 1 Rp        , Gg^Fet      , Gg          , Gs^Fp       , Gs^Fp       , Gs^Fp       , Gs^Fp       , Gs^Fp       , Gs^Fp       , Gs^Fp       , Ss          , Ss          , Wwrg        , Wwrg        , Ds          , Hh          , Gs^Fp       , Gs^Fp       , Mm          , Xue         , _s          , _s          
Rr          , 3 Rp        , Gg          , Gg          , Gll^Fp      , Gg          , Gs^Fp       , Gs^Fp       , Gs^Fp       , Gg          , Gg          , Gs^Fp       , Ss          , Ss          , Wwrg        , Ss          , Gs^Fp       , Mm          , Mm          , Mm          , Xue         , Xue         , _s          , _s          
Gg          , Rr          , Gs          , Gll^Fp      , Gg          , Gg          , Gg          , Gs^Fds      , Gll         , Gg          , Gg          , Gs^Fp       , Ww          , Ww          , Ss          , Wwrg        , Mm          , Mm          , Mm^Xm       , Xue         , _s          , _s          , _s          , _s          
Gll^Fp      , Gg          , Gg          , 2 Gs        , Gll^Fp      , Gg          , Gg          , Gll         , Gg          , Gll         , Wwrg        , Wwrg        , Gs          , Gg          , Gll         , Ss          , Mm          , Mm          , Xue         , Xue         , _s          , _s          , _s          , _s          
Hh          , Hh          , Hh          , Gll^Fp      , Gll^Fp      , Gg          , Wwf         , Gll^Fp      , Ww          , Wwf         , Wwf         , Wwrg        , Gs^Fp       , Ss          , Ss          , Gll         , Gg          , Hhd         , Hhd         , _s          , _s          , _s          , _s          , _s          
Hh          , Mm          , Ww          , Gll^Fp      , Ww          , Wwrg        , Wwf         , Ww          , Ss          , Ss          , Ww          , Gg          , Gs^Fp       , Gs^Fp       , Ss          , Ss          , Mm          , Rd          , Uue         , Uu          , _s          , _s          , _s          , _s          
Ww          , Ww          , Wwrg        , Ww          , Ss          , Ss          , Gg          , Gll         , Ss          , Ss          , Ww          , Gs^Fp       , Gg          , Gs^Fp       , Mm          , Mm^Xm       , Xue         , Xue         , _s          , _s          , _s          , _s          , _s          , _s          
Hh          , Hh          , Hh          , Gs^Fp       , Gg          , Gg          , Gll         , Gg          , Ss          , Ww          , Ss          , Gs^Fp       , Xue         , Mm          , _s          , Xue         , _s          , _s          , _s          , _s          , _s          , _s          , _s          , _s          
Hh          , Hh          , Hh          , Gs^Fp       , Gs^Fp       , Gs          , Gs          , Gg          , Ss          , Wwrg        , Ds          , Gs^Fp       , Xue         , _s          , _s          , _s          , _s          , _s          , _s          , _s          , _s          , _s          , _s          , _s          
Xue         , Hh^Fp       , Hh^Fp       , Hh^Fp       , Hh^Fp       , Hh          , Hh          , Gg          , Wwf         , Wwf         , Hh          , Ss          , Xue         , _s          , _s          , _s          , _s          , _s          , _s          , _s          , _s          , _s          , _s          , _s          
_s          , Xue         , Hh^Fp       , Gs^Fp       , Mm          , Mm          , Hh          , Ds          , Wwrg        , Hh          , Hh          , Xue         , _s          , _s          , _s          , _s          , _s          , _s          , _s          , _s          , _s          , _s          , _s          , _s          
_s          , Xue         , Xue         , Xue         , Ms^Xm       , Ms          , Xue         , Xue         , Xue         , Wwrg        , Ww          , Xue         , _s          , _s          , _s          , _s          , _s          , _s          , _s          , _s          , _s          , _s          , _s          , _s          
_s          , _s          , _s          , _s          , _s          , Ms^Xm       , _s          , _s          , Xue         , Wwf         , Wwrg        , _s          , _s          , _s          , _s          , _s          , _s          , _s          , _s          , _s          , _s          , _s          , _s          , _s          
_s          , _s          , _s          , _s          , _s          , _s          , _s          , _s          , _s          , Xue         , _s          , _s          , _s          , _s          , _s          , _s          , _s          , _s          , _s          , _s          , _s          , _s          , _s          , _s          
_s          , _s          , _s          , _s          , _s          , _s          , _s          , _s          , _s          , _s          , _s          , _s          , _s          , _s          , _s          , _s          , _s          , _s          , _s          , _s          , _s          , _s          , _s          , _s          
_s          , _s          , _s          , _s          , _s          , _s          , _s          , _s          , _s          , _s          , _s          , _s          , _s          , _s          , _s          , _s          , _s          , _s          , _s          , _s          , _s          , _s          , _s          , _s          
_s          , _s          , _s          , _s          , _s          , _s          , _s          , _s          , _s          , _s          , _s          , _s          , _s          , _s          , _s          , _s          , _s          , _s          , _s          , _s          , _s          , _s          , _s          , _s          
_s          , _s          , _s          , _s          , _s          , _s          , _s          , _s          , _s          , _s          , _s          , _s          , _s          , _s          , _s          , _s          , _s          , _s          , _s          , _s          , _s          , _s          , _s          , _s          
_s          , _s          , _s          , _s          , _s          , _s          , _s          , _s          , _s          , _s          , _s          , _s          , _s          , _s          , _s          , _s          , _s          , _s          , _s          , _s          , _s          , _s          , _s          , _s          
_s          , _s          , _s          , _s          , _s          , _s          , _s          , _s          , _s          , _s          , _s          , _s          , _s          , _s          , _s          , _s          , _s          , _s          , _s          , _s          , _s          , _s          , _s          , _s          
_s          , _s          , _s          , _s          , _s          , _s          , _s          , _s          , _s          , _s          , _s          , _s          , _s          , _s          , _s          , _s          , _s          , _s          , _s          , _s          , _s          , _s          , _s          , _s          
_s          , _s          , _s          , _s          , _s          , _s          , _s          , _s          , _s          , _s          , _s          , _s          , _s          , _s          , _s          , _s          , _s          , _s          , _s          , _s          , _s          , _s          , _s          , _s          
_s          , _s          , _s          , _s          , _s          , _s          , _s          , _s          , _s          , _s          , _s          , _s          , _s          , _s          , _s          , _s          , _s          , _s          , _s          , _s          , _s          , _s          , _s          , _s          
_s          , _s          , _s          , _s          , _s          , _s          , _s          , _s          , _s          , _s          , _s          , _s          , _s          , _s          , _s          , _s          , _s          , _s          , _s          , _s          , _s          , _s          , _s          , _s          
_s          , _s          , _s          , _s          , _s          , _s          , _s          , _s          , _s          , _s          , _s          , _s          , _s          , _s          , _s          , _s          , _s          , _s          , _s          , _s          , _s          , _s          , _s          , _s          
_s          , _s          , _s          , _s          , _s          , _s          , _s          , _s          , _s          , _s          , _s          , _s          , _s          , _s          , _s          , _s          , _s          , _s          , _s          , _s          , _s          , _s          , _s          , _s          
_s          , _s          , _s          , _s          , _s          , _s          , _s          , _s          , _s          , _s          , _s          , _s          , _s          , _s          , _s          , _s          , _s          , _s          , _s          , _s          , _s          , _s          , _s          , _s          
_s          , _s          , _s          , _s          , _s          , _s          , _s          , _s          , _s          , _s          , _s          , _s          , _s          , _s          , _s          , _s          , _s          , _s          , _s          , _s          , _s          , _s          , _s          , _s          
_s          , _s          , _s          , _s          , _s          , _s          , _s          , _s          , _s          , _s          , _s          , _s          , _s          , _s          , _s          , _s          , _s          , _s          , _s          , _s          , _s          , _s          , _s          , _s          
_s          , _s          , _s          , _s          , _s          , _s          , _s          , _s          , _s          , _s          , _s          , _s          , _s          , _s          , _s          , _s          , _s          , _s          , _s          , _s          , _s          , _s          , _s          , _s          
